EMPLOYEE:
  - ID: 1
    DEPARTMENT: "SE2"
    EMPLOYEE_NAME: "JITHIN"
    EMPLOYEE_SALARY: 1000

