EMPLOYEE:
  - ID: 1
    DEPARTMENT: "SE1"
    EMPLOYEE_NAME: "JITHIN"
    EMPLOYEE_SALARY: 1000
