EMPLOYEE:
  - ID: 1
    DEPARTMENT: "SE2"
    EMPLOYEE_NAME: "JITHIN"
    EMPLOYEE_SALARY: 1000
  - ID: 2
    DEPARTMENT: "SE2"
    EMPLOYEE_NAME: "BABU"
    EMPLOYEE_SALARY: 2000

