EMPLOYEE:
  - ID: 2
    DEPARTMENT: "SE2"
    EMPLOYEE_NAME: "BABU"
    EMPLOYEE_SALARY: 2000

